npm warn Unknown env config "http-proxy". This will stop working in the next major version of npm.

> rio-governance-gateway@2.9.0 test
> node --test tests/gateway.test.mjs

[RIO Token Manager] Initialized v2 (hardened) — TTL: 1800s, env: production, cleanup every 300s
[RIO Replay Prevention] Initialized — window: 300s, retention: 24h
[RIO Rate Limiter] Initialized — global limit: 30 req/min, window: 60s
============================================================
  RIO GOVERNANCE GATEWAY v2.9.0
  Governed AI Execution Runtime
  Ledger: PostgreSQL (persistent)
  Auth: JWT + Ed25519 + API Keys + Google OAuth (PostgreSQL-backed)
  Principals: Unified identity model with role enforcement
  Hardening: Token Burn + Replay Prevention + Ed25519 Required + Identity Binding
  Public API: /api/v1/* with API key auth, rate limiting, OpenAPI docs
============================================================

[RIO Config] Loaded: RIO_CONSTITUTION.json
[RIO Config] Loaded: RIO_POLICY.json
[RIO Config] Loaded: RIO_ROLE_MANUS.json
[RIO Config] Loaded: RIO_ROLE_GEMINI.json
[RIO Gateway] Governance configuration loaded.
▶ RIO Governance Gateway
  ▶ GET /health
    ✖ should return operational status (26.298127ms)
  ✖ GET /health (27.955555ms)
  ▶ Full Pipeline (Happy Path)
    ✖ POST /intent — should submit an intent (6.005422ms)
    ✖ POST /govern — should evaluate governance (3.393365ms)
    ✖ POST /authorize — should record human approval (2.373337ms)
    ✖ POST /execute — should execute the action (4.546543ms)
    ✖ POST /receipt — should generate a receipt (4.673515ms)
    ✖ GET /verify — should verify the receipt and chain (2.44833ms)
    ✖ GET /intent/:id — should show full pipeline state (3.072081ms)
  ✖ Full Pipeline (Happy Path) (27.727266ms)
  ▶ Fail Closed — No Authorization
    ✖ should block execution of a submitted (ungoverned) intent (3.884325ms)
  ✖ Fail Closed — No Authorization (4.322496ms)
  ▶ Fail Closed — Denied Intent
    ✖ should block execution of a denied intent (4.996341ms)
  ✖ Fail Closed — Denied Intent (5.33382ms)
  ▶ Fail Closed — Unknown Agent
    ✖ should block governance for an unknown agent (3.491133ms)
  ✖ Fail Closed — Unknown Agent (3.954511ms)
  ▶ Ledger
    ✖ GET /ledger — should return entries (3.490652ms)
    ✖ GET /verify — full chain should be valid (2.923297ms)
  ✖ Ledger (6.807762ms)
✖ RIO Governance Gateway (822.914633ms)
ℹ tests 13
ℹ suites 7
ℹ pass 0
ℹ fail 13
ℹ cancelled 0
ℹ skipped 0
ℹ todo 0
ℹ duration_ms 953.148385

✖ failing tests:

test at tests/gateway.test.mjs:43:5
✖ should return operational status (26.298127ms)
  [TypeError: fetch failed] {
    [cause]: AggregateError [ECONNREFUSED]: 
        at internalConnectMultiple (node:net:1339:18)
        at afterConnectMultiple (node:net:1942:7) {
      code: 'ECONNREFUSED',
      [errors]: [
        Error: connect ECONNREFUSED ::1:4401
            at createConnectionError (node:net:1905:14)
            at afterConnectMultiple (node:net:1935:16),
        Error: connect ECONNREFUSED 127.0.0.1:4401
            at createConnectionError (node:net:1905:14)
            at afterConnectMultiple (node:net:1935:16)
      ]
    }
  }

test at tests/gateway.test.mjs:59:5
✖ POST /intent — should submit an intent (6.005422ms)
  [TypeError: fetch failed] {
    [cause]: AggregateError [ECONNREFUSED]: 
        at internalConnectMultiple (node:net:1339:18)
        at afterConnectMultiple (node:net:1942:7) {
      code: 'ECONNREFUSED',
      [errors]: [
        Error: connect ECONNREFUSED ::1:4401
            at createConnectionError (node:net:1905:14)
            at afterConnectMultiple (node:net:1935:16),
        Error: connect ECONNREFUSED 127.0.0.1:4401
            at createConnectionError (node:net:1905:14)
            at afterConnectMultiple (node:net:1935:16)
      ]
    }
  }

test at tests/gateway.test.mjs:75:5
✖ POST /govern — should evaluate governance (3.393365ms)
  [TypeError: fetch failed] {
    [cause]: AggregateError [ECONNREFUSED]: 
        at internalConnectMultiple (node:net:1339:18)
        at afterConnectMultiple (node:net:1942:7) {
      code: 'ECONNREFUSED',
      [errors]: [
        Error: connect ECONNREFUSED ::1:4401
            at createConnectionError (node:net:1905:14)
            at afterConnectMultiple (node:net:1935:16),
        Error: connect ECONNREFUSED 127.0.0.1:4401
            at createConnectionError (node:net:1905:14)
            at afterConnectMultiple (node:net:1935:16)
      ]
    }
  }

test at tests/gateway.test.mjs:84:5
✖ POST /authorize — should record human approval (2.373337ms)
  [TypeError: fetch failed] {
    [cause]: AggregateError [ECONNREFUSED]: 
        at internalConnectMultiple (node:net:1339:18)
        at afterConnectMultiple (node:net:1942:7) {
      code: 'ECONNREFUSED',
      [errors]: [
        Error: connect ECONNREFUSED ::1:4401
            at createConnectionError (node:net:1905:14)
            at afterConnectMultiple (node:net:1935:16),
        Error: connect ECONNREFUSED 127.0.0.1:4401
            at createConnectionError (node:net:1905:14)
            at afterConnectMultiple (node:net:1935:16)
      ]
    }
  }

test at tests/gateway.test.mjs:95:5
✖ POST /execute — should execute the action (4.546543ms)
  [TypeError: fetch failed] {
    [cause]: AggregateError [ECONNREFUSED]: 
        at internalConnectMultiple (node:net:1339:18)
        at afterConnectMultiple (node:net:1942:7) {
      code: 'ECONNREFUSED',
      [errors]: [
        Error: connect ECONNREFUSED ::1:4401
            at createConnectionError (node:net:1905:14)
            at afterConnectMultiple (node:net:1935:16),
        Error: connect ECONNREFUSED 127.0.0.1:4401
            at createConnectionError (node:net:1905:14)
            at afterConnectMultiple (node:net:1935:16)
      ]
    }
  }

test at tests/gateway.test.mjs:102:5
✖ POST /receipt — should generate a receipt (4.673515ms)
  [TypeError: fetch failed] {
    [cause]: AggregateError [ECONNREFUSED]: 
        at internalConnectMultiple (node:net:1339:18)
        at afterConnectMultiple (node:net:1942:7) {
      code: 'ECONNREFUSED',
      [errors]: [
        Error: connect ECONNREFUSED ::1:4401
            at createConnectionError (node:net:1905:14)
            at afterConnectMultiple (node:net:1935:16),
        Error: connect ECONNREFUSED 127.0.0.1:4401
            at createConnectionError (node:net:1905:14)
            at afterConnectMultiple (node:net:1935:16)
      ]
    }
  }

test at tests/gateway.test.mjs:115:5
✖ GET /verify — should verify the receipt and chain (2.44833ms)
  [TypeError: fetch failed] {
    [cause]: AggregateError [ECONNREFUSED]: 
        at internalConnectMultiple (node:net:1339:18)
        at afterConnectMultiple (node:net:1942:7) {
      code: 'ECONNREFUSED',
      [errors]: [
        Error: connect ECONNREFUSED ::1:4401
            at createConnectionError (node:net:1905:14)
            at afterConnectMultiple (node:net:1935:16),
        Error: connect ECONNREFUSED 127.0.0.1:4401
            at createConnectionError (node:net:1905:14)
            at afterConnectMultiple (node:net:1935:16)
      ]
    }
  }

test at tests/gateway.test.mjs:122:5
✖ GET /intent/:id — should show full pipeline state (3.072081ms)
  [TypeError: fetch failed] {
    [cause]: AggregateError [ECONNREFUSED]: 
        at internalConnectMultiple (node:net:1339:18)
        at afterConnectMultiple (node:net:1942:7) {
      code: 'ECONNREFUSED',
      [errors]: [
        Error: connect ECONNREFUSED ::1:4401
            at createConnectionError (node:net:1905:14)
            at afterConnectMultiple (node:net:1935:16),
        Error: connect ECONNREFUSED 127.0.0.1:4401
            at createConnectionError (node:net:1905:14)
            at afterConnectMultiple (node:net:1935:16)
      ]
    }
  }

test at tests/gateway.test.mjs:139:5
✖ should block execution of a submitted (ungoverned) intent (3.884325ms)
  [TypeError: fetch failed] {
    [cause]: AggregateError [ECONNREFUSED]: 
        at internalConnectMultiple (node:net:1339:18)
        at afterConnectMultiple (node:net:1942:7) {
      code: 'ECONNREFUSED',
      [errors]: [
        Error: connect ECONNREFUSED ::1:4401
            at createConnectionError (node:net:1905:14)
            at afterConnectMultiple (node:net:1935:16),
        Error: connect ECONNREFUSED 127.0.0.1:4401
            at createConnectionError (node:net:1905:14)
            at afterConnectMultiple (node:net:1935:16)
      ]
    }
  }

test at tests/gateway.test.mjs:159:5
✖ should block execution of a denied intent (4.996341ms)
  [TypeError: fetch failed] {
    [cause]: AggregateError [ECONNREFUSED]: 
        at internalConnectMultiple (node:net:1339:18)
        at afterConnectMultiple (node:net:1942:7) {
      code: 'ECONNREFUSED',
      [errors]: [
        Error: connect ECONNREFUSED ::1:4401
            at createConnectionError (node:net:1905:14)
            at afterConnectMultiple (node:net:1935:16),
        Error: connect ECONNREFUSED 127.0.0.1:4401
            at createConnectionError (node:net:1905:14)
            at afterConnectMultiple (node:net:1935:16)
      ]
    }
  }

test at tests/gateway.test.mjs:190:5
✖ should block governance for an unknown agent (3.491133ms)
  [TypeError: fetch failed] {
    [cause]: AggregateError [ECONNREFUSED]: 
        at internalConnectMultiple (node:net:1339:18)
        at afterConnectMultiple (node:net:1942:7) {
      code: 'ECONNREFUSED',
      [errors]: [
        Error: connect ECONNREFUSED ::1:4401
            at createConnectionError (node:net:1905:14)
            at afterConnectMultiple (node:net:1935:16),
        Error: connect ECONNREFUSED 127.0.0.1:4401
            at createConnectionError (node:net:1905:14)
            at afterConnectMultiple (node:net:1935:16)
      ]
    }
  }

test at tests/gateway.test.mjs:207:5
✖ GET /ledger — should return entries (3.490652ms)
  [TypeError: fetch failed] {
    [cause]: AggregateError [ECONNREFUSED]: 
        at internalConnectMultiple (node:net:1339:18)
        at afterConnectMultiple (node:net:1942:7) {
      code: 'ECONNREFUSED',
      [errors]: [
        Error: connect ECONNREFUSED ::1:4401
            at createConnectionError (node:net:1905:14)
            at afterConnectMultiple (node:net:1935:16),
        Error: connect ECONNREFUSED 127.0.0.1:4401
            at createConnectionError (node:net:1905:14)
            at afterConnectMultiple (node:net:1935:16)
      ]
    }
  }

test at tests/gateway.test.mjs:215:5
✖ GET /verify — full chain should be valid (2.923297ms)
  [TypeError: fetch failed] {
    [cause]: AggregateError [ECONNREFUSED]: 
        at internalConnectMultiple (node:net:1339:18)
        at afterConnectMultiple (node:net:1942:7) {
      code: 'ECONNREFUSED',
      [errors]: [
        Error: connect ECONNREFUSED ::1:4401
            at createConnectionError (node:net:1905:14)
            at afterConnectMultiple (node:net:1935:16),
        Error: connect ECONNREFUSED 127.0.0.1:4401
            at createConnectionError (node:net:1905:14)
            at afterConnectMultiple (node:net:1935:16)
      ]
    }
  }

