npm warn Unknown env config "http-proxy". This will stop working in the next major version of npm.

> rio-governance-gateway@2.9.0 test
> node --test tests/gateway.test.mjs

[RIO Token Manager] Initialized v2 (hardened) — TTL: 1800s, env: production, cleanup every 300s
[RIO Replay Prevention] Initialized — window: 300s, retention: 24h
[RIO Rate Limiter] Initialized — global limit: 30 req/min, window: 60s
============================================================
  RIO GOVERNANCE GATEWAY v2.9.0
  Governed AI Execution Runtime
  Ledger: PostgreSQL (persistent)
  Auth: JWT + Ed25519 + API Keys + Google OAuth (PostgreSQL-backed)
  Principals: Unified identity model with role enforcement
  Hardening: Token Burn + Replay Prevention + Ed25519 Required + Identity Binding
  Public API: /api/v1/* with API key auth, rate limiting, OpenAPI docs
============================================================

[RIO Config] Loaded: RIO_CONSTITUTION.json
[RIO Config] Loaded: RIO_POLICY.json
[RIO Config] Loaded: RIO_ROLE_MANUS.json
[RIO Config] Loaded: RIO_ROLE_GEMINI.json
[RIO Gateway] Governance configuration loaded.
▶ RIO Governance Gateway
  ▶ GET /health
    ✖ should return operational status (26.319566ms)
  ✖ GET /health (27.538531ms)
  ▶ Full Pipeline (Happy Path)
    ✖ POST /intent — should submit an intent (8.758182ms)
    ✖ POST /govern — should evaluate governance (2.006681ms)
    ✖ POST /authorize — should record human approval (3.076621ms)
    ✖ POST /execute — should execute the action (4.60392ms)
    ✖ POST /receipt — should generate a receipt (1.553108ms)
    ✖ GET /verify — should verify the receipt and chain (2.993706ms)
    ✖ GET /intent/:id — should show full pipeline state (3.152055ms)
  ✖ Full Pipeline (Happy Path) (27.346492ms)
  ▶ Fail Closed — No Authorization
    ✖ should block execution of a submitted (ungoverned) intent (8.742139ms)
  ✖ Fail Closed — No Authorization (9.170083ms)
  ▶ Fail Closed — Denied Intent
    ✖ should block execution of a denied intent (10.967468ms)
  ✖ Fail Closed — Denied Intent (11.406289ms)
  ▶ Fail Closed — Unknown Agent
    ✖ should block governance for an unknown agent (6.051319ms)
  ✖ Fail Closed — Unknown Agent (6.416849ms)
  ▶ Ledger
    ✖ GET /ledger — should return entries (4.375445ms)
    ✖ GET /verify — full chain should be valid (4.11209ms)
  ✖ Ledger (8.797362ms)
✖ RIO Governance Gateway (902.966308ms)
ℹ tests 13
ℹ suites 7
ℹ pass 0
ℹ fail 13
ℹ cancelled 0
ℹ skipped 0
ℹ todo 0
ℹ duration_ms 1058.977701

✖ failing tests:

test at tests/gateway.test.mjs:43:5
✖ should return operational status (26.319566ms)
  [TypeError: fetch failed] {
    [cause]: AggregateError [ECONNREFUSED]:
        at internalConnectMultiple (node:net:1339:18)
        at afterConnectMultiple (node:net:1942:7) {
      code: 'ECONNREFUSED',
      [errors]: [
        Error: connect ECONNREFUSED ::1:4401
            at createConnectionError (node:net:1905:14)
            at afterConnectMultiple (node:net:1935:16),
        Error: connect ECONNREFUSED 127.0.0.1:4401
            at createConnectionError (node:net:1905:14)
            at afterConnectMultiple (node:net:1935:16)
      ]
    }
  }

test at tests/gateway.test.mjs:59:5
✖ POST /intent — should submit an intent (8.758182ms)
  [TypeError: fetch failed] {
    [cause]: AggregateError [ECONNREFUSED]:
        at internalConnectMultiple (node:net:1339:18)
        at afterConnectMultiple (node:net:1942:7) {
      code: 'ECONNREFUSED',
      [errors]: [
        Error: connect ECONNREFUSED ::1:4401
            at createConnectionError (node:net:1905:14)
            at afterConnectMultiple (node:net:1935:16),
        Error: connect ECONNREFUSED 127.0.0.1:4401
            at createConnectionError (node:net:1905:14)
            at afterConnectMultiple (node:net:1935:16)
      ]
    }
  }

test at tests/gateway.test.mjs:75:5
✖ POST /govern — should evaluate governance (2.006681ms)
  [TypeError: fetch failed] {
    [cause]: AggregateError [ECONNREFUSED]:
        at internalConnectMultiple (node:net:1339:18)
        at afterConnectMultiple (node:net:1942:7) {
      code: 'ECONNREFUSED',
      [errors]: [
        Error: connect ECONNREFUSED ::1:4401
            at createConnectionError (node:net:1905:14)
            at afterConnectMultiple (node:net:1935:16),
        Error: connect ECONNREFUSED 127.0.0.1:4401
            at createConnectionError (node:net:1905:14)
            at afterConnectMultiple (node:net:1935:16)
      ]
    }
  }

test at tests/gateway.test.mjs:84:5
✖ POST /authorize — should record human approval (3.076621ms)
  [TypeError: fetch failed] {
    [cause]: AggregateError [ECONNREFUSED]:
        at internalConnectMultiple (node:net:1339:18)
        at afterConnectMultiple (node:net:1942:7) {
      code: 'ECONNREFUSED',
      [errors]: [
        Error: connect ECONNREFUSED ::1:4401
            at createConnectionError (node:net:1905:14)
            at afterConnectMultiple (node:net:1935:16),
        Error: connect ECONNREFUSED 127.0.0.1:4401
            at createConnectionError (node:net:1905:14)
            at afterConnectMultiple (node:net:1935:16)
      ]
    }
  }

test at tests/gateway.test.mjs:95:5
✖ POST /execute — should execute the action (4.60392ms)
  [TypeError: fetch failed] {
    [cause]: AggregateError [ECONNREFUSED]:
        at internalConnectMultiple (node:net:1339:18)
        at afterConnectMultiple (node:net:1942:7) {
      code: 'ECONNREFUSED',
      [errors]: [
        Error: connect ECONNREFUSED ::1:4401
            at createConnectionError (node:net:1905:14)
            at afterConnectMultiple (node:net:1935:16),
        Error: connect ECONNREFUSED 127.0.0.1:4401
            at createConnectionError (node:net:1905:14)
            at afterConnectMultiple (node:net:1935:16)
      ]
    }
  }

test at tests/gateway.test.mjs:102:5
✖ POST /receipt — should generate a receipt (1.553108ms)
  [TypeError: fetch failed] {
    [cause]: AggregateError [ECONNREFUSED]:
        at internalConnectMultiple (node:net:1339:18)
        at afterConnectMultiple (node:net:1942:7) {
      code: 'ECONNREFUSED',
      [errors]: [
        Error: connect ECONNREFUSED ::1:4401
            at createConnectionError (node:net:1905:14)
            at afterConnectMultiple (node:net:1935:16),
        Error: connect ECONNREFUSED 127.0.0.1:4401
            at createConnectionError (node:net:1905:14)
            at afterConnectMultiple (node:net:1935:16)
      ]
    }
  }

test at tests/gateway.test.mjs:115:5
✖ GET /verify — should verify the receipt and chain (2.993706ms)
  [TypeError: fetch failed] {
    [cause]: AggregateError [ECONNREFUSED]:
        at internalConnectMultiple (node:net:1339:18)
        at afterConnectMultiple (node:net:1942:7) {
      code: 'ECONNREFUSED',
      [errors]: [
        Error: connect ECONNREFUSED ::1:4401
            at createConnectionError (node:net:1905:14)
            at afterConnectMultiple (node:net:1935:16),
        Error: connect ECONNREFUSED 127.0.0.1:4401
            at createConnectionError (node:net:1905:14)
            at afterConnectMultiple (node:net:1935:16)
      ]
    }
  }

test at tests/gateway.test.mjs:122:5
✖ GET /intent/:id — should show full pipeline state (3.152055ms)
  [TypeError: fetch failed] {
    [cause]: AggregateError [ECONNREFUSED]:
        at internalConnectMultiple (node:net:1339:18)
        at afterConnectMultiple (node:net:1942:7) {
      code: 'ECONNREFUSED',
      [errors]: [
        Error: connect ECONNREFUSED ::1:4401
            at createConnectionError (node:net:1905:14)
            at afterConnectMultiple (node:net:1935:16),
        Error: connect ECONNREFUSED 127.0.0.1:4401
            at createConnectionError (node:net:1905:14)
            at afterConnectMultiple (node:net:1935:16)
      ]
    }
  }

test at tests/gateway.test.mjs:139:5
✖ should block execution of a submitted (ungoverned) intent (8.742139ms)
  [TypeError: fetch failed] {
    [cause]: AggregateError [ECONNREFUSED]:
        at internalConnectMultiple (node:net:1339:18)
        at afterConnectMultiple (node:net:1942:7) {
      code: 'ECONNREFUSED',
      [errors]: [
        Error: connect ECONNREFUSED ::1:4401
            at createConnectionError (node:net:1905:14)
            at afterConnectMultiple (node:net:1935:16),
        Error: connect ECONNREFUSED 127.0.0.1:4401
            at createConnectionError (node:net:1905:14)
            at afterConnectMultiple (node:net:1935:16)
      ]
    }
  }

test at tests/gateway.test.mjs:159:5
✖ should block execution of a denied intent (10.967468ms)
  [TypeError: fetch failed] {
    [cause]: AggregateError [ECONNREFUSED]:
        at internalConnectMultiple (node:net:1339:18)
        at afterConnectMultiple (node:net:1942:7) {
      code: 'ECONNREFUSED',
      [errors]: [
        Error: connect ECONNREFUSED ::1:4401
            at createConnectionError (node:net:1905:14)
            at afterConnectMultiple (node:net:1935:16),
        Error: connect ECONNREFUSED 127.0.0.1:4401
            at createConnectionError (node:net:1905:14)
            at afterConnectMultiple (node:net:1935:16)
      ]
    }
  }

test at tests/gateway.test.mjs:190:5
✖ should block governance for an unknown agent (6.051319ms)
  [TypeError: fetch failed] {
    [cause]: AggregateError [ECONNREFUSED]:
        at internalConnectMultiple (node:net:1339:18)
        at afterConnectMultiple (node:net:1942:7) {
      code: 'ECONNREFUSED',
      [errors]: [
        Error: connect ECONNREFUSED ::1:4401
            at createConnectionError (node:net:1905:14)
            at afterConnectMultiple (node:net:1935:16),
        Error: connect ECONNREFUSED 127.0.0.1:4401
            at createConnectionError (node:net:1905:14)
            at afterConnectMultiple (node:net:1935:16)
      ]
    }
  }

test at tests/gateway.test.mjs:207:5
✖ GET /ledger — should return entries (4.375445ms)
  [TypeError: fetch failed] {
    [cause]: AggregateError [ECONNREFUSED]:
        at internalConnectMultiple (node:net:1339:18)
        at afterConnectMultiple (node:net:1942:7) {
      code: 'ECONNREFUSED',
      [errors]: [
        Error: connect ECONNREFUSED ::1:4401
            at createConnectionError (node:net:1905:14)
            at afterConnectMultiple (node:net:1935:16),
        Error: connect ECONNREFUSED 127.0.0.1:4401
            at createConnectionError (node:net:1905:14)
            at afterConnectMultiple (node:net:1935:16)
      ]
    }
  }

test at tests/gateway.test.mjs:215:5
✖ GET /verify — full chain should be valid (4.11209ms)
  [TypeError: fetch failed] {
    [cause]: AggregateError [ECONNREFUSED]:
        at internalConnectMultiple (node:net:1339:18)
        at afterConnectMultiple (node:net:1942:7) {
      code: 'ECONNREFUSED',
      [errors]: [
        Error: connect ECONNREFUSED ::1:4401
            at createConnectionError (node:net:1905:14)
            at afterConnectMultiple (node:net:1935:16),
        Error: connect ECONNREFUSED 127.0.0.1:4401
            at createConnectionError (node:net:1905:14)
            at afterConnectMultiple (node:net:1935:16)
      ]
    }
  }
